// Jest Snapshot v1, https://goo.gl/fbAQLP

exports[`TodoMVC App should add todos: 01. Initial state 1`] = `
<App>
  <div
    className="todoapp"
  >
    <header
      className="header"
    >
      <h1>
        todos
      </h1>
      <input
        autoFocus={true}
        className="new-todo"
        onKeyUp={[Function]}
        placeholder="What needs to be done?"
      />
    </header>
  </div>
</App>
`;

exports[`TodoMVC App should add todos: 02. Add Test Todo 1`] = `
<App>
  <div
    className="todoapp"
  >
    <header
      className="header"
    >
      <h1>
        todos
      </h1>
      <input
        autoFocus={true}
        className="new-todo"
        onKeyUp={[Function]}
        placeholder="What needs to be done?"
      />
    </header>
    <section
      className="main"
    >
      <input
        checked={false}
        className="toggle-all"
        onChange={[Function]}
        type="checkbox"
      />
      <label
        htmlFor="toggle-all"
      >
        Mark all as complete
      </label>
      <ul
        className="todo-list"
      >
        <TodoItem
          id={0}
          key="0"
          title="Test Todo"
        >
          <li
            className="view"
          >
            <input
              checked={false}
              className="toggle"
              onChange={[Function]}
              type="checkbox"
            />
            <label>
              Test Todo
            </label>
            <button
              className="destroy"
              onClick={[Function]}
            />
          </li>
        </TodoItem>
      </ul>
    </section>
    <footer
      className="footer"
    >
      <span
        className="todo-count"
      >
        1
         items left
      </span>
      <div
        className="filters"
      >
        <button
          className="selected"
          onClick={[Function]}
          value="all"
        >
          All
        </button>
        <button
          className=""
          onClick={[Function]}
          value="active"
        >
          Active
        </button>
        <button
          className=""
          onClick={[Function]}
          value="completed"
        >
          Completed
        </button>
      </div>
    </footer>
  </div>
</App>
`;

exports[`TodoMVC App should add todos: 03. Add Other Todo 1`] = `
<App>
  <div
    className="todoapp"
  >
    <header
      className="header"
    >
      <h1>
        todos
      </h1>
      <input
        autoFocus={true}
        className="new-todo"
        onKeyUp={[Function]}
        placeholder="What needs to be done?"
      />
    </header>
    <section
      className="main"
    >
      <input
        checked={false}
        className="toggle-all"
        onChange={[Function]}
        type="checkbox"
      />
      <label
        htmlFor="toggle-all"
      >
        Mark all as complete
      </label>
      <ul
        className="todo-list"
      >
        <TodoItem
          id={0}
          key="0"
          title="Test Todo"
        >
          <li
            className="view"
          >
            <input
              checked={false}
              className="toggle"
              onChange={[Function]}
              type="checkbox"
            />
            <label>
              Test Todo
            </label>
            <button
              className="destroy"
              onClick={[Function]}
            />
          </li>
        </TodoItem>
        <TodoItem
          id={1}
          key="1"
          title="Other Todo"
        >
          <li
            className="view"
          >
            <input
              checked={false}
              className="toggle"
              onChange={[Function]}
              type="checkbox"
            />
            <label>
              Other Todo
            </label>
            <button
              className="destroy"
              onClick={[Function]}
            />
          </li>
        </TodoItem>
      </ul>
    </section>
    <footer
      className="footer"
    >
      <span
        className="todo-count"
      >
        2
         items left
      </span>
      <div
        className="filters"
      >
        <button
          className="selected"
          onClick={[Function]}
          value="all"
        >
          All
        </button>
        <button
          className=""
          onClick={[Function]}
          value="active"
        >
          Active
        </button>
        <button
          className=""
          onClick={[Function]}
          value="completed"
        >
          Completed
        </button>
      </div>
    </footer>
  </div>
</App>
`;

exports[`TodoMVC App should add todos: 04. Add Final Todo 1`] = `
<App>
  <div
    className="todoapp"
  >
    <header
      className="header"
    >
      <h1>
        todos
      </h1>
      <input
        autoFocus={true}
        className="new-todo"
        onKeyUp={[Function]}
        placeholder="What needs to be done?"
      />
    </header>
    <section
      className="main"
    >
      <input
        checked={false}
        className="toggle-all"
        onChange={[Function]}
        type="checkbox"
      />
      <label
        htmlFor="toggle-all"
      >
        Mark all as complete
      </label>
      <ul
        className="todo-list"
      >
        <TodoItem
          id={0}
          key="0"
          title="Test Todo"
        >
          <li
            className="view"
          >
            <input
              checked={false}
              className="toggle"
              onChange={[Function]}
              type="checkbox"
            />
            <label>
              Test Todo
            </label>
            <button
              className="destroy"
              onClick={[Function]}
            />
          </li>
        </TodoItem>
        <TodoItem
          id={1}
          key="1"
          title="Other Todo"
        >
          <li
            className="view"
          >
            <input
              checked={false}
              className="toggle"
              onChange={[Function]}
              type="checkbox"
            />
            <label>
              Other Todo
            </label>
            <button
              className="destroy"
              onClick={[Function]}
            />
          </li>
        </TodoItem>
        <TodoItem
          id={2}
          key="2"
          title="Final Todo"
        >
          <li
            className="view"
          >
            <input
              checked={false}
              className="toggle"
              onChange={[Function]}
              type="checkbox"
            />
            <label>
              Final Todo
            </label>
            <button
              className="destroy"
              onClick={[Function]}
            />
          </li>
        </TodoItem>
      </ul>
    </section>
    <footer
      className="footer"
    >
      <span
        className="todo-count"
      >
        3
         items left
      </span>
      <div
        className="filters"
      >
        <button
          className="selected"
          onClick={[Function]}
          value="all"
        >
          All
        </button>
        <button
          className=""
          onClick={[Function]}
          value="active"
        >
          Active
        </button>
        <button
          className=""
          onClick={[Function]}
          value="completed"
        >
          Completed
        </button>
      </div>
    </footer>
  </div>
</App>
`;

exports[`TodoMVC App should clear completed: 11. Clear completed 1`] = `
<App>
  <div
    className="todoapp"
  >
    <header
      className="header"
    >
      <h1>
        todos
      </h1>
      <input
        autoFocus={true}
        className="new-todo"
        onKeyUp={[Function]}
        placeholder="What needs to be done?"
      />
    </header>
    <section
      className="main"
    >
      <input
        checked={false}
        className="toggle-all"
        onChange={[Function]}
        type="checkbox"
      />
      <label
        htmlFor="toggle-all"
      >
        Mark all as complete
      </label>
      <ul
        className="todo-list"
      >
        <TodoItem
          completed={false}
          id={0}
          key="0"
          title="Test Todo"
        >
          <li
            className="view"
          >
            <input
              checked={false}
              className="toggle"
              onChange={[Function]}
              type="checkbox"
            />
            <label>
              Test Todo
            </label>
            <button
              className="destroy"
              onClick={[Function]}
            />
          </li>
        </TodoItem>
        <TodoItem
          id={1}
          key="1"
          title="Final Todo"
        >
          <li
            className="view"
          >
            <input
              checked={false}
              className="toggle"
              onChange={[Function]}
              type="checkbox"
            />
            <label>
              Final Todo
            </label>
            <button
              className="destroy"
              onClick={[Function]}
            />
          </li>
        </TodoItem>
      </ul>
    </section>
    <footer
      className="footer"
    >
      <span
        className="todo-count"
      >
        2
         items left
      </span>
      <div
        className="filters"
      >
        <button
          className="selected"
          onClick={[Function]}
          value="all"
        >
          All
        </button>
        <button
          className=""
          onClick={[Function]}
          value="active"
        >
          Active
        </button>
        <button
          className=""
          onClick={[Function]}
          value="completed"
        >
          Completed
        </button>
      </div>
    </footer>
  </div>
</App>
`;

exports[`TodoMVC App should delete todo: 14. Delete Test Todo 1`] = `
<App>
  <div
    className="todoapp"
  >
    <header
      className="header"
    >
      <h1>
        todos
      </h1>
      <input
        autoFocus={true}
        className="new-todo"
        onKeyUp={[Function]}
        placeholder="What needs to be done?"
      />
    </header>
    <section
      className="main"
    >
      <input
        checked={false}
        className="toggle-all"
        onChange={[Function]}
        type="checkbox"
      />
      <label
        htmlFor="toggle-all"
      >
        Mark all as complete
      </label>
      <ul
        className="todo-list"
      >
        <TodoItem
          completed={false}
          id={0}
          key="0"
          title="Final Todo"
        >
          <li
            className="view"
          >
            <input
              checked={false}
              className="toggle"
              onChange={[Function]}
              type="checkbox"
            />
            <label>
              Final Todo
            </label>
            <button
              className="destroy"
              onClick={[Function]}
            />
          </li>
        </TodoItem>
      </ul>
    </section>
    <footer
      className="footer"
    >
      <span
        className="todo-count"
      >
        1
         items left
      </span>
      <div
        className="filters"
      >
        <button
          className="selected"
          onClick={[Function]}
          value="all"
        >
          All
        </button>
        <button
          className=""
          onClick={[Function]}
          value="active"
        >
          Active
        </button>
        <button
          className=""
          onClick={[Function]}
          value="completed"
        >
          Completed
        </button>
      </div>
    </footer>
  </div>
</App>
`;

exports[`TodoMVC App should filter todos: 08. Filter completed 1`] = `
<App>
  <div
    className="todoapp"
  >
    <header
      className="header"
    >
      <h1>
        todos
      </h1>
      <input
        autoFocus={true}
        className="new-todo"
        onKeyUp={[Function]}
        placeholder="What needs to be done?"
      />
    </header>
    <section
      className="main"
    >
      <input
        checked={false}
        className="toggle-all"
        onChange={[Function]}
        type="checkbox"
      />
      <label
        htmlFor="toggle-all"
      >
        Mark all as complete
      </label>
      <ul
        className="todo-list"
      >
        <TodoItem
          completed={true}
          id={0}
          key="0"
          title="Other Todo"
        >
          <li
            className="view completed"
          >
            <input
              checked={true}
              className="toggle"
              onChange={[Function]}
              type="checkbox"
            />
            <label>
              Other Todo
            </label>
            <button
              className="destroy"
              onClick={[Function]}
            />
          </li>
        </TodoItem>
      </ul>
    </section>
    <footer
      className="footer"
    >
      <span
        className="todo-count"
      >
        2
         items left
      </span>
      <div
        className="filters"
      >
        <button
          className=""
          onClick={[Function]}
          value="all"
        >
          All
        </button>
        <button
          className=""
          onClick={[Function]}
          value="active"
        >
          Active
        </button>
        <button
          className="selected"
          onClick={[Function]}
          value="completed"
        >
          Completed
        </button>
      </div>
      <button
        className="clear-completed"
        onClick={[Function]}
      >
        Clear completed
      </button>
    </footer>
  </div>
</App>
`;

exports[`TodoMVC App should filter todos: 09. Filter active 1`] = `
<App>
  <div
    className="todoapp"
  >
    <header
      className="header"
    >
      <h1>
        todos
      </h1>
      <input
        autoFocus={true}
        className="new-todo"
        onKeyUp={[Function]}
        placeholder="What needs to be done?"
      />
    </header>
    <section
      className="main"
    >
      <input
        checked={false}
        className="toggle-all"
        onChange={[Function]}
        type="checkbox"
      />
      <label
        htmlFor="toggle-all"
      >
        Mark all as complete
      </label>
      <ul
        className="todo-list"
      >
        <TodoItem
          completed={false}
          id={0}
          key="0"
          title="Test Todo"
        >
          <li
            className="view"
          >
            <input
              checked={false}
              className="toggle"
              onChange={[Function]}
              type="checkbox"
            />
            <label>
              Test Todo
            </label>
            <button
              className="destroy"
              onClick={[Function]}
            />
          </li>
        </TodoItem>
        <TodoItem
          id={1}
          key="1"
          title="Final Todo"
        >
          <li
            className="view"
          >
            <input
              checked={false}
              className="toggle"
              onChange={[Function]}
              type="checkbox"
            />
            <label>
              Final Todo
            </label>
            <button
              className="destroy"
              onClick={[Function]}
            />
          </li>
        </TodoItem>
      </ul>
    </section>
    <footer
      className="footer"
    >
      <span
        className="todo-count"
      >
        2
         items left
      </span>
      <div
        className="filters"
      >
        <button
          className=""
          onClick={[Function]}
          value="all"
        >
          All
        </button>
        <button
          className="selected"
          onClick={[Function]}
          value="active"
        >
          Active
        </button>
        <button
          className=""
          onClick={[Function]}
          value="completed"
        >
          Completed
        </button>
      </div>
      <button
        className="clear-completed"
        onClick={[Function]}
      >
        Clear completed
      </button>
    </footer>
  </div>
</App>
`;

exports[`TodoMVC App should filter todos: 10. Filter all 1`] = `
<App>
  <div
    className="todoapp"
  >
    <header
      className="header"
    >
      <h1>
        todos
      </h1>
      <input
        autoFocus={true}
        className="new-todo"
        onKeyUp={[Function]}
        placeholder="What needs to be done?"
      />
    </header>
    <section
      className="main"
    >
      <input
        checked={false}
        className="toggle-all"
        onChange={[Function]}
        type="checkbox"
      />
      <label
        htmlFor="toggle-all"
      >
        Mark all as complete
      </label>
      <ul
        className="todo-list"
      >
        <TodoItem
          completed={false}
          id={0}
          key="0"
          title="Test Todo"
        >
          <li
            className="view"
          >
            <input
              checked={false}
              className="toggle"
              onChange={[Function]}
              type="checkbox"
            />
            <label>
              Test Todo
            </label>
            <button
              className="destroy"
              onClick={[Function]}
            />
          </li>
        </TodoItem>
        <TodoItem
          completed={true}
          id={1}
          key="1"
          title="Other Todo"
        >
          <li
            className="view completed"
          >
            <input
              checked={true}
              className="toggle"
              onChange={[Function]}
              type="checkbox"
            />
            <label>
              Other Todo
            </label>
            <button
              className="destroy"
              onClick={[Function]}
            />
          </li>
        </TodoItem>
        <TodoItem
          id={2}
          key="2"
          title="Final Todo"
        >
          <li
            className="view"
          >
            <input
              checked={false}
              className="toggle"
              onChange={[Function]}
              type="checkbox"
            />
            <label>
              Final Todo
            </label>
            <button
              className="destroy"
              onClick={[Function]}
            />
          </li>
        </TodoItem>
      </ul>
    </section>
    <footer
      className="footer"
    >
      <span
        className="todo-count"
      >
        2
         items left
      </span>
      <div
        className="filters"
      >
        <button
          className="selected"
          onClick={[Function]}
          value="all"
        >
          All
        </button>
        <button
          className=""
          onClick={[Function]}
          value="active"
        >
          Active
        </button>
        <button
          className=""
          onClick={[Function]}
          value="completed"
        >
          Completed
        </button>
      </div>
      <button
        className="clear-completed"
        onClick={[Function]}
      >
        Clear completed
      </button>
    </footer>
  </div>
</App>
`;

exports[`TodoMVC App should toggle all todo state at once: 12. Toggle all to completed 1`] = `
<App>
  <div
    className="todoapp"
  >
    <header
      className="header"
    >
      <h1>
        todos
      </h1>
      <input
        autoFocus={true}
        className="new-todo"
        onKeyUp={[Function]}
        placeholder="What needs to be done?"
      />
    </header>
    <section
      className="main"
    >
      <input
        checked={true}
        className="toggle-all"
        onChange={[Function]}
        type="checkbox"
      />
      <label
        htmlFor="toggle-all"
      >
        Mark all as complete
      </label>
      <ul
        className="todo-list"
      >
        <TodoItem
          completed={true}
          id={0}
          key="0"
          title="Test Todo"
        >
          <li
            className="view completed"
          >
            <input
              checked={true}
              className="toggle"
              onChange={[Function]}
              type="checkbox"
            />
            <label>
              Test Todo
            </label>
            <button
              className="destroy"
              onClick={[Function]}
            />
          </li>
        </TodoItem>
        <TodoItem
          completed={true}
          id={1}
          key="1"
          title="Final Todo"
        >
          <li
            className="view completed"
          >
            <input
              checked={true}
              className="toggle"
              onChange={[Function]}
              type="checkbox"
            />
            <label>
              Final Todo
            </label>
            <button
              className="destroy"
              onClick={[Function]}
            />
          </li>
        </TodoItem>
      </ul>
    </section>
    <footer
      className="footer"
    >
      <span
        className="todo-count"
      >
        0
         items left
      </span>
      <div
        className="filters"
      >
        <button
          className="selected"
          onClick={[Function]}
          value="all"
        >
          All
        </button>
        <button
          className=""
          onClick={[Function]}
          value="active"
        >
          Active
        </button>
        <button
          className=""
          onClick={[Function]}
          value="completed"
        >
          Completed
        </button>
      </div>
      <button
        className="clear-completed"
        onClick={[Function]}
      >
        Clear completed
      </button>
    </footer>
  </div>
</App>
`;

exports[`TodoMVC App should toggle all todo state at once: 13. Toggle all to active 1`] = `
<App>
  <div
    className="todoapp"
  >
    <header
      className="header"
    >
      <h1>
        todos
      </h1>
      <input
        autoFocus={true}
        className="new-todo"
        onKeyUp={[Function]}
        placeholder="What needs to be done?"
      />
    </header>
    <section
      className="main"
    >
      <input
        checked={false}
        className="toggle-all"
        onChange={[Function]}
        type="checkbox"
      />
      <label
        htmlFor="toggle-all"
      >
        Mark all as complete
      </label>
      <ul
        className="todo-list"
      >
        <TodoItem
          completed={false}
          id={0}
          key="0"
          title="Test Todo"
        >
          <li
            className="view"
          >
            <input
              checked={false}
              className="toggle"
              onChange={[Function]}
              type="checkbox"
            />
            <label>
              Test Todo
            </label>
            <button
              className="destroy"
              onClick={[Function]}
            />
          </li>
        </TodoItem>
        <TodoItem
          completed={false}
          id={1}
          key="1"
          title="Final Todo"
        >
          <li
            className="view"
          >
            <input
              checked={false}
              className="toggle"
              onChange={[Function]}
              type="checkbox"
            />
            <label>
              Final Todo
            </label>
            <button
              className="destroy"
              onClick={[Function]}
            />
          </li>
        </TodoItem>
      </ul>
    </section>
    <footer
      className="footer"
    >
      <span
        className="todo-count"
      >
        2
         items left
      </span>
      <div
        className="filters"
      >
        <button
          className="selected"
          onClick={[Function]}
          value="all"
        >
          All
        </button>
        <button
          className=""
          onClick={[Function]}
          value="active"
        >
          Active
        </button>
        <button
          className=""
          onClick={[Function]}
          value="completed"
        >
          Completed
        </button>
      </div>
    </footer>
  </div>
</App>
`;

exports[`TodoMVC App should toggle todo status: 05. Toggle Test Todo to completed 1`] = `
<App>
  <div
    className="todoapp"
  >
    <header
      className="header"
    >
      <h1>
        todos
      </h1>
      <input
        autoFocus={true}
        className="new-todo"
        onKeyUp={[Function]}
        placeholder="What needs to be done?"
      />
    </header>
    <section
      className="main"
    >
      <input
        checked={false}
        className="toggle-all"
        onChange={[Function]}
        type="checkbox"
      />
      <label
        htmlFor="toggle-all"
      >
        Mark all as complete
      </label>
      <ul
        className="todo-list"
      >
        <TodoItem
          completed={true}
          id={0}
          key="0"
          title="Test Todo"
        >
          <li
            className="view completed"
          >
            <input
              checked={true}
              className="toggle"
              onChange={[Function]}
              type="checkbox"
            />
            <label>
              Test Todo
            </label>
            <button
              className="destroy"
              onClick={[Function]}
            />
          </li>
        </TodoItem>
        <TodoItem
          id={1}
          key="1"
          title="Other Todo"
        >
          <li
            className="view"
          >
            <input
              checked={false}
              className="toggle"
              onChange={[Function]}
              type="checkbox"
            />
            <label>
              Other Todo
            </label>
            <button
              className="destroy"
              onClick={[Function]}
            />
          </li>
        </TodoItem>
        <TodoItem
          id={2}
          key="2"
          title="Final Todo"
        >
          <li
            className="view"
          >
            <input
              checked={false}
              className="toggle"
              onChange={[Function]}
              type="checkbox"
            />
            <label>
              Final Todo
            </label>
            <button
              className="destroy"
              onClick={[Function]}
            />
          </li>
        </TodoItem>
      </ul>
    </section>
    <footer
      className="footer"
    >
      <span
        className="todo-count"
      >
        2
         items left
      </span>
      <div
        className="filters"
      >
        <button
          className="selected"
          onClick={[Function]}
          value="all"
        >
          All
        </button>
        <button
          className=""
          onClick={[Function]}
          value="active"
        >
          Active
        </button>
        <button
          className=""
          onClick={[Function]}
          value="completed"
        >
          Completed
        </button>
      </div>
      <button
        className="clear-completed"
        onClick={[Function]}
      >
        Clear completed
      </button>
    </footer>
  </div>
</App>
`;

exports[`TodoMVC App should toggle todo status: 06. Toggle Other Todo to completed 1`] = `
<App>
  <div
    className="todoapp"
  >
    <header
      className="header"
    >
      <h1>
        todos
      </h1>
      <input
        autoFocus={true}
        className="new-todo"
        onKeyUp={[Function]}
        placeholder="What needs to be done?"
      />
    </header>
    <section
      className="main"
    >
      <input
        checked={false}
        className="toggle-all"
        onChange={[Function]}
        type="checkbox"
      />
      <label
        htmlFor="toggle-all"
      >
        Mark all as complete
      </label>
      <ul
        className="todo-list"
      >
        <TodoItem
          completed={true}
          id={0}
          key="0"
          title="Test Todo"
        >
          <li
            className="view completed"
          >
            <input
              checked={true}
              className="toggle"
              onChange={[Function]}
              type="checkbox"
            />
            <label>
              Test Todo
            </label>
            <button
              className="destroy"
              onClick={[Function]}
            />
          </li>
        </TodoItem>
        <TodoItem
          completed={true}
          id={1}
          key="1"
          title="Other Todo"
        >
          <li
            className="view completed"
          >
            <input
              checked={true}
              className="toggle"
              onChange={[Function]}
              type="checkbox"
            />
            <label>
              Other Todo
            </label>
            <button
              className="destroy"
              onClick={[Function]}
            />
          </li>
        </TodoItem>
        <TodoItem
          id={2}
          key="2"
          title="Final Todo"
        >
          <li
            className="view"
          >
            <input
              checked={false}
              className="toggle"
              onChange={[Function]}
              type="checkbox"
            />
            <label>
              Final Todo
            </label>
            <button
              className="destroy"
              onClick={[Function]}
            />
          </li>
        </TodoItem>
      </ul>
    </section>
    <footer
      className="footer"
    >
      <span
        className="todo-count"
      >
        1
         items left
      </span>
      <div
        className="filters"
      >
        <button
          className="selected"
          onClick={[Function]}
          value="all"
        >
          All
        </button>
        <button
          className=""
          onClick={[Function]}
          value="active"
        >
          Active
        </button>
        <button
          className=""
          onClick={[Function]}
          value="completed"
        >
          Completed
        </button>
      </div>
      <button
        className="clear-completed"
        onClick={[Function]}
      >
        Clear completed
      </button>
    </footer>
  </div>
</App>
`;

exports[`TodoMVC App should toggle todo status: 07. Toggle Test Todo to active 1`] = `
<App>
  <div
    className="todoapp"
  >
    <header
      className="header"
    >
      <h1>
        todos
      </h1>
      <input
        autoFocus={true}
        className="new-todo"
        onKeyUp={[Function]}
        placeholder="What needs to be done?"
      />
    </header>
    <section
      className="main"
    >
      <input
        checked={false}
        className="toggle-all"
        onChange={[Function]}
        type="checkbox"
      />
      <label
        htmlFor="toggle-all"
      >
        Mark all as complete
      </label>
      <ul
        className="todo-list"
      >
        <TodoItem
          completed={false}
          id={0}
          key="0"
          title="Test Todo"
        >
          <li
            className="view"
          >
            <input
              checked={false}
              className="toggle"
              onChange={[Function]}
              type="checkbox"
            />
            <label>
              Test Todo
            </label>
            <button
              className="destroy"
              onClick={[Function]}
            />
          </li>
        </TodoItem>
        <TodoItem
          completed={true}
          id={1}
          key="1"
          title="Other Todo"
        >
          <li
            className="view completed"
          >
            <input
              checked={true}
              className="toggle"
              onChange={[Function]}
              type="checkbox"
            />
            <label>
              Other Todo
            </label>
            <button
              className="destroy"
              onClick={[Function]}
            />
          </li>
        </TodoItem>
        <TodoItem
          id={2}
          key="2"
          title="Final Todo"
        >
          <li
            className="view"
          >
            <input
              checked={false}
              className="toggle"
              onChange={[Function]}
              type="checkbox"
            />
            <label>
              Final Todo
            </label>
            <button
              className="destroy"
              onClick={[Function]}
            />
          </li>
        </TodoItem>
      </ul>
    </section>
    <footer
      className="footer"
    >
      <span
        className="todo-count"
      >
        2
         items left
      </span>
      <div
        className="filters"
      >
        <button
          className="selected"
          onClick={[Function]}
          value="all"
        >
          All
        </button>
        <button
          className=""
          onClick={[Function]}
          value="active"
        >
          Active
        </button>
        <button
          className=""
          onClick={[Function]}
          value="completed"
        >
          Completed
        </button>
      </div>
      <button
        className="clear-completed"
        onClick={[Function]}
      >
        Clear completed
      </button>
    </footer>
  </div>
</App>
`;
