// Jest Snapshot v1, https://goo.gl/fbAQLP

exports[`01. Initial state 1`] = `
<App>
  <div
    className="todoapp"
  >
    <header
      className="header"
    >
      <h1>
        todos
      </h1>
      <input
        autoFocus={true}
        className="new-todo"
        onKeyUp={[Function]}
        placeholder="What needs to be done?"
      />
    </header>
  </div>
</App>
------------HTML PREVIEW---------------
<App>
  <div class="todoapp">
    <header class="header">
      <h1>
        todos
      </h1>
      <input
        autoFocus
        class="new-todo"
        placeholder="What needs to be done?"
      >
    </header>
  </div>
</App>
`;

exports[`02. Add Test Todo 1`] = `
<App>
  <div
    className="todoapp"
  >
    <header
      className="header"
    >
      <h1>
        todos
      </h1>
      <input
        autoFocus={true}
        className="new-todo"
        onKeyUp={[Function]}
        placeholder="What needs to be done?"
      />
    </header>
    <section
      className="main"
    >
      <input
        checked={false}
        className="toggle-all"
        onChange={[Function]}
        type="checkbox"
      />
      <label
        htmlFor="toggle-all"
      >
        Mark all as complete
      </label>
      <ul
        className="todo-list"
      >
        <TodoItem
          id={0}
          title="Test Todo"
        >
          <li
            className="view"
          >
            <input
              checked={false}
              className="toggle"
              onChange={[Function]}
              type="checkbox"
            />
            <label>
              Test Todo
            </label>
            <button
              className="destroy"
              onClick={[Function]}
            />
          </li>
        </TodoItem>
      </ul>
    </section>
    <footer
      className="footer"
    >
      <span
        className="todo-count"
      >
        1
         items left
      </span>
      <div
        className="filters"
      >
        <button
          className="selected"
          onClick={[Function]}
          value="todos"
        >
          All
        </button>
        <button
          className=""
          onClick={[Function]}
          value="active"
        >
          Active
        </button>
        <button
          className=""
          onClick={[Function]}
          value="completed"
        >
          Completed
        </button>
      </div>
    </footer>
  </div>
</App>
------------HTML PREVIEW---------------
<App>
  <div class="todoapp">
    <header class="header">
      <h1>
        todos
      </h1>
      <input
        autoFocus
        class="new-todo"
        placeholder="What needs to be done?"
      >
    </header>
    <section class="main">
      <input
        class="toggle-all"
        type="checkbox"
      >
      <label for="toggle-all">
        Mark all as complete
      </label>
      <ul class="todo-list">
        <TodoItem title="Test Todo">
          <li class="view">
            <input
              class="toggle"
              type="checkbox"
            >
            <label>
              Test Todo
            </label>
            <button class="destroy"></button>
          </li>
        </TodoItem>
      </ul>
    </section>
    <footer class="footer">
      <span class="todo-count">
        1
         items left
      </span>
      <div class="filters">
        <button
          class="selected"
          value="todos"
        >
          All
        </button>
        <button
          class=""
          value="active"
        >
          Active
        </button>
        <button
          class=""
          value="completed"
        >
          Completed
        </button>
      </div>
    </footer>
  </div>
</App>
`;

exports[`03. Add Other Todo 1`] = `
<App>
  <div
    className="todoapp"
  >
    <header
      className="header"
    >
      <h1>
        todos
      </h1>
      <input
        autoFocus={true}
        className="new-todo"
        onKeyUp={[Function]}
        placeholder="What needs to be done?"
      />
    </header>
    <section
      className="main"
    >
      <input
        checked={false}
        className="toggle-all"
        onChange={[Function]}
        type="checkbox"
      />
      <label
        htmlFor="toggle-all"
      >
        Mark all as complete
      </label>
      <ul
        className="todo-list"
      >
        <TodoItem
          id={0}
          title="Test Todo"
        >
          <li
            className="view"
          >
            <input
              checked={false}
              className="toggle"
              onChange={[Function]}
              type="checkbox"
            />
            <label>
              Test Todo
            </label>
            <button
              className="destroy"
              onClick={[Function]}
            />
          </li>
        </TodoItem>
        <TodoItem
          id={1}
          title="Other Todo"
        >
          <li
            className="view"
          >
            <input
              checked={false}
              className="toggle"
              onChange={[Function]}
              type="checkbox"
            />
            <label>
              Other Todo
            </label>
            <button
              className="destroy"
              onClick={[Function]}
            />
          </li>
        </TodoItem>
      </ul>
    </section>
    <footer
      className="footer"
    >
      <span
        className="todo-count"
      >
        2
         items left
      </span>
      <div
        className="filters"
      >
        <button
          className="selected"
          onClick={[Function]}
          value="todos"
        >
          All
        </button>
        <button
          className=""
          onClick={[Function]}
          value="active"
        >
          Active
        </button>
        <button
          className=""
          onClick={[Function]}
          value="completed"
        >
          Completed
        </button>
      </div>
    </footer>
  </div>
</App>
------------HTML PREVIEW---------------
<App>
  <div class="todoapp">
    <header class="header">
      <h1>
        todos
      </h1>
      <input
        autoFocus
        class="new-todo"
        placeholder="What needs to be done?"
      >
    </header>
    <section class="main">
      <input
        class="toggle-all"
        type="checkbox"
      >
      <label for="toggle-all">
        Mark all as complete
      </label>
      <ul class="todo-list">
        <TodoItem title="Test Todo">
          <li class="view">
            <input
              class="toggle"
              type="checkbox"
            >
            <label>
              Test Todo
            </label>
            <button class="destroy"></button>
          </li>
        </TodoItem>
        <TodoItem title="Other Todo">
          <li class="view">
            <input
              class="toggle"
              type="checkbox"
            >
            <label>
              Other Todo
            </label>
            <button class="destroy"></button>
          </li>
        </TodoItem>
      </ul>
    </section>
    <footer class="footer">
      <span class="todo-count">
        2
         items left
      </span>
      <div class="filters">
        <button
          class="selected"
          value="todos"
        >
          All
        </button>
        <button
          class=""
          value="active"
        >
          Active
        </button>
        <button
          class=""
          value="completed"
        >
          Completed
        </button>
      </div>
    </footer>
  </div>
</App>
`;

exports[`04. Add Final Todo 1`] = `
<App>
  <div
    className="todoapp"
  >
    <header
      className="header"
    >
      <h1>
        todos
      </h1>
      <input
        autoFocus={true}
        className="new-todo"
        onKeyUp={[Function]}
        placeholder="What needs to be done?"
      />
    </header>
    <section
      className="main"
    >
      <input
        checked={false}
        className="toggle-all"
        onChange={[Function]}
        type="checkbox"
      />
      <label
        htmlFor="toggle-all"
      >
        Mark all as complete
      </label>
      <ul
        className="todo-list"
      >
        <TodoItem
          id={0}
          title="Test Todo"
        >
          <li
            className="view"
          >
            <input
              checked={false}
              className="toggle"
              onChange={[Function]}
              type="checkbox"
            />
            <label>
              Test Todo
            </label>
            <button
              className="destroy"
              onClick={[Function]}
            />
          </li>
        </TodoItem>
        <TodoItem
          id={1}
          title="Other Todo"
        >
          <li
            className="view"
          >
            <input
              checked={false}
              className="toggle"
              onChange={[Function]}
              type="checkbox"
            />
            <label>
              Other Todo
            </label>
            <button
              className="destroy"
              onClick={[Function]}
            />
          </li>
        </TodoItem>
        <TodoItem
          id={2}
          title="Final Todo"
        >
          <li
            className="view"
          >
            <input
              checked={false}
              className="toggle"
              onChange={[Function]}
              type="checkbox"
            />
            <label>
              Final Todo
            </label>
            <button
              className="destroy"
              onClick={[Function]}
            />
          </li>
        </TodoItem>
      </ul>
    </section>
    <footer
      className="footer"
    >
      <span
        className="todo-count"
      >
        3
         items left
      </span>
      <div
        className="filters"
      >
        <button
          className="selected"
          onClick={[Function]}
          value="todos"
        >
          All
        </button>
        <button
          className=""
          onClick={[Function]}
          value="active"
        >
          Active
        </button>
        <button
          className=""
          onClick={[Function]}
          value="completed"
        >
          Completed
        </button>
      </div>
    </footer>
  </div>
</App>
------------HTML PREVIEW---------------
<App>
  <div class="todoapp">
    <header class="header">
      <h1>
        todos
      </h1>
      <input
        autoFocus
        class="new-todo"
        placeholder="What needs to be done?"
      >
    </header>
    <section class="main">
      <input
        class="toggle-all"
        type="checkbox"
      >
      <label for="toggle-all">
        Mark all as complete
      </label>
      <ul class="todo-list">
        <TodoItem title="Test Todo">
          <li class="view">
            <input
              class="toggle"
              type="checkbox"
            >
            <label>
              Test Todo
            </label>
            <button class="destroy"></button>
          </li>
        </TodoItem>
        <TodoItem title="Other Todo">
          <li class="view">
            <input
              class="toggle"
              type="checkbox"
            >
            <label>
              Other Todo
            </label>
            <button class="destroy"></button>
          </li>
        </TodoItem>
        <TodoItem title="Final Todo">
          <li class="view">
            <input
              class="toggle"
              type="checkbox"
            >
            <label>
              Final Todo
            </label>
            <button class="destroy"></button>
          </li>
        </TodoItem>
      </ul>
    </section>
    <footer class="footer">
      <span class="todo-count">
        3
         items left
      </span>
      <div class="filters">
        <button
          class="selected"
          value="todos"
        >
          All
        </button>
        <button
          class=""
          value="active"
        >
          Active
        </button>
        <button
          class=""
          value="completed"
        >
          Completed
        </button>
      </div>
    </footer>
  </div>
</App>
`;

exports[`05. Toggle Test Todo to completed 1`] = `
<App>
  <div
    className="todoapp"
  >
    <header
      className="header"
    >
      <h1>
        todos
      </h1>
      <input
        autoFocus={true}
        className="new-todo"
        onKeyUp={[Function]}
        placeholder="What needs to be done?"
      />
    </header>
    <section
      className="main"
    >
      <input
        checked={false}
        className="toggle-all"
        onChange={[Function]}
        type="checkbox"
      />
      <label
        htmlFor="toggle-all"
      >
        Mark all as complete
      </label>
      <ul
        className="todo-list"
      >
        <TodoItem
          completed={true}
          id={0}
          title="Test Todo"
        >
          <li
            className="view completed"
          >
            <input
              checked={true}
              className="toggle"
              onChange={[Function]}
              type="checkbox"
            />
            <label>
              Test Todo
            </label>
            <button
              className="destroy"
              onClick={[Function]}
            />
          </li>
        </TodoItem>
        <TodoItem
          id={1}
          title="Other Todo"
        >
          <li
            className="view"
          >
            <input
              checked={false}
              className="toggle"
              onChange={[Function]}
              type="checkbox"
            />
            <label>
              Other Todo
            </label>
            <button
              className="destroy"
              onClick={[Function]}
            />
          </li>
        </TodoItem>
        <TodoItem
          id={2}
          title="Final Todo"
        >
          <li
            className="view"
          >
            <input
              checked={false}
              className="toggle"
              onChange={[Function]}
              type="checkbox"
            />
            <label>
              Final Todo
            </label>
            <button
              className="destroy"
              onClick={[Function]}
            />
          </li>
        </TodoItem>
      </ul>
    </section>
    <footer
      className="footer"
    >
      <span
        className="todo-count"
      >
        2
         items left
      </span>
      <div
        className="filters"
      >
        <button
          className="selected"
          onClick={[Function]}
          value="todos"
        >
          All
        </button>
        <button
          className=""
          onClick={[Function]}
          value="active"
        >
          Active
        </button>
        <button
          className=""
          onClick={[Function]}
          value="completed"
        >
          Completed
        </button>
      </div>
      <button
        className="clear-completed"
        onClick={[Function]}
      >
        Clear completed
      </button>
    </footer>
  </div>
</App>
------------HTML PREVIEW---------------
<App>
  <div class="todoapp">
    <header class="header">
      <h1>
        todos
      </h1>
      <input
        autoFocus
        class="new-todo"
        placeholder="What needs to be done?"
      >
    </header>
    <section class="main">
      <input
        class="toggle-all"
        type="checkbox"
      >
      <label for="toggle-all">
        Mark all as complete
      </label>
      <ul class="todo-list">
        <TodoItem
          completed
          title="Test Todo"
        >
          <li class="view completed">
            <input
              checked
              class="toggle"
              type="checkbox"
            >
            <label>
              Test Todo
            </label>
            <button class="destroy"></button>
          </li>
        </TodoItem>
        <TodoItem title="Other Todo">
          <li class="view">
            <input
              class="toggle"
              type="checkbox"
            >
            <label>
              Other Todo
            </label>
            <button class="destroy"></button>
          </li>
        </TodoItem>
        <TodoItem title="Final Todo">
          <li class="view">
            <input
              class="toggle"
              type="checkbox"
            >
            <label>
              Final Todo
            </label>
            <button class="destroy"></button>
          </li>
        </TodoItem>
      </ul>
    </section>
    <footer class="footer">
      <span class="todo-count">
        2
         items left
      </span>
      <div class="filters">
        <button
          class="selected"
          value="todos"
        >
          All
        </button>
        <button
          class=""
          value="active"
        >
          Active
        </button>
        <button
          class=""
          value="completed"
        >
          Completed
        </button>
      </div>
      <button class="clear-completed">
        Clear completed
      </button>
    </footer>
  </div>
</App>
`;

exports[`06. Toggle Other Todo to completed 1`] = `
<App>
  <div
    className="todoapp"
  >
    <header
      className="header"
    >
      <h1>
        todos
      </h1>
      <input
        autoFocus={true}
        className="new-todo"
        onKeyUp={[Function]}
        placeholder="What needs to be done?"
      />
    </header>
    <section
      className="main"
    >
      <input
        checked={false}
        className="toggle-all"
        onChange={[Function]}
        type="checkbox"
      />
      <label
        htmlFor="toggle-all"
      >
        Mark all as complete
      </label>
      <ul
        className="todo-list"
      >
        <TodoItem
          completed={true}
          id={0}
          title="Test Todo"
        >
          <li
            className="view completed"
          >
            <input
              checked={true}
              className="toggle"
              onChange={[Function]}
              type="checkbox"
            />
            <label>
              Test Todo
            </label>
            <button
              className="destroy"
              onClick={[Function]}
            />
          </li>
        </TodoItem>
        <TodoItem
          completed={true}
          id={1}
          title="Other Todo"
        >
          <li
            className="view completed"
          >
            <input
              checked={true}
              className="toggle"
              onChange={[Function]}
              type="checkbox"
            />
            <label>
              Other Todo
            </label>
            <button
              className="destroy"
              onClick={[Function]}
            />
          </li>
        </TodoItem>
        <TodoItem
          id={2}
          title="Final Todo"
        >
          <li
            className="view"
          >
            <input
              checked={false}
              className="toggle"
              onChange={[Function]}
              type="checkbox"
            />
            <label>
              Final Todo
            </label>
            <button
              className="destroy"
              onClick={[Function]}
            />
          </li>
        </TodoItem>
      </ul>
    </section>
    <footer
      className="footer"
    >
      <span
        className="todo-count"
      >
        1
         items left
      </span>
      <div
        className="filters"
      >
        <button
          className="selected"
          onClick={[Function]}
          value="todos"
        >
          All
        </button>
        <button
          className=""
          onClick={[Function]}
          value="active"
        >
          Active
        </button>
        <button
          className=""
          onClick={[Function]}
          value="completed"
        >
          Completed
        </button>
      </div>
      <button
        className="clear-completed"
        onClick={[Function]}
      >
        Clear completed
      </button>
    </footer>
  </div>
</App>
------------HTML PREVIEW---------------
<App>
  <div class="todoapp">
    <header class="header">
      <h1>
        todos
      </h1>
      <input
        autoFocus
        class="new-todo"
        placeholder="What needs to be done?"
      >
    </header>
    <section class="main">
      <input
        class="toggle-all"
        type="checkbox"
      >
      <label for="toggle-all">
        Mark all as complete
      </label>
      <ul class="todo-list">
        <TodoItem
          completed
          title="Test Todo"
        >
          <li class="view completed">
            <input
              checked
              class="toggle"
              type="checkbox"
            >
            <label>
              Test Todo
            </label>
            <button class="destroy"></button>
          </li>
        </TodoItem>
        <TodoItem
          completed
          title="Other Todo"
        >
          <li class="view completed">
            <input
              checked
              class="toggle"
              type="checkbox"
            >
            <label>
              Other Todo
            </label>
            <button class="destroy"></button>
          </li>
        </TodoItem>
        <TodoItem title="Final Todo">
          <li class="view">
            <input
              class="toggle"
              type="checkbox"
            >
            <label>
              Final Todo
            </label>
            <button class="destroy"></button>
          </li>
        </TodoItem>
      </ul>
    </section>
    <footer class="footer">
      <span class="todo-count">
        1
         items left
      </span>
      <div class="filters">
        <button
          class="selected"
          value="todos"
        >
          All
        </button>
        <button
          class=""
          value="active"
        >
          Active
        </button>
        <button
          class=""
          value="completed"
        >
          Completed
        </button>
      </div>
      <button class="clear-completed">
        Clear completed
      </button>
    </footer>
  </div>
</App>
`;

exports[`07. Toggle Test Todo to active 1`] = `
<App>
  <div
    className="todoapp"
  >
    <header
      className="header"
    >
      <h1>
        todos
      </h1>
      <input
        autoFocus={true}
        className="new-todo"
        onKeyUp={[Function]}
        placeholder="What needs to be done?"
      />
    </header>
    <section
      className="main"
    >
      <input
        checked={false}
        className="toggle-all"
        onChange={[Function]}
        type="checkbox"
      />
      <label
        htmlFor="toggle-all"
      >
        Mark all as complete
      </label>
      <ul
        className="todo-list"
      >
        <TodoItem
          completed={false}
          id={0}
          title="Test Todo"
        >
          <li
            className="view"
          >
            <input
              checked={false}
              className="toggle"
              onChange={[Function]}
              type="checkbox"
            />
            <label>
              Test Todo
            </label>
            <button
              className="destroy"
              onClick={[Function]}
            />
          </li>
        </TodoItem>
        <TodoItem
          completed={true}
          id={1}
          title="Other Todo"
        >
          <li
            className="view completed"
          >
            <input
              checked={true}
              className="toggle"
              onChange={[Function]}
              type="checkbox"
            />
            <label>
              Other Todo
            </label>
            <button
              className="destroy"
              onClick={[Function]}
            />
          </li>
        </TodoItem>
        <TodoItem
          id={2}
          title="Final Todo"
        >
          <li
            className="view"
          >
            <input
              checked={false}
              className="toggle"
              onChange={[Function]}
              type="checkbox"
            />
            <label>
              Final Todo
            </label>
            <button
              className="destroy"
              onClick={[Function]}
            />
          </li>
        </TodoItem>
      </ul>
    </section>
    <footer
      className="footer"
    >
      <span
        className="todo-count"
      >
        2
         items left
      </span>
      <div
        className="filters"
      >
        <button
          className="selected"
          onClick={[Function]}
          value="todos"
        >
          All
        </button>
        <button
          className=""
          onClick={[Function]}
          value="active"
        >
          Active
        </button>
        <button
          className=""
          onClick={[Function]}
          value="completed"
        >
          Completed
        </button>
      </div>
      <button
        className="clear-completed"
        onClick={[Function]}
      >
        Clear completed
      </button>
    </footer>
  </div>
</App>
------------HTML PREVIEW---------------
<App>
  <div class="todoapp">
    <header class="header">
      <h1>
        todos
      </h1>
      <input
        autoFocus
        class="new-todo"
        placeholder="What needs to be done?"
      >
    </header>
    <section class="main">
      <input
        class="toggle-all"
        type="checkbox"
      >
      <label for="toggle-all">
        Mark all as complete
      </label>
      <ul class="todo-list">
        <TodoItem title="Test Todo">
          <li class="view">
            <input
              class="toggle"
              type="checkbox"
            >
            <label>
              Test Todo
            </label>
            <button class="destroy"></button>
          </li>
        </TodoItem>
        <TodoItem
          completed
          title="Other Todo"
        >
          <li class="view completed">
            <input
              checked
              class="toggle"
              type="checkbox"
            >
            <label>
              Other Todo
            </label>
            <button class="destroy"></button>
          </li>
        </TodoItem>
        <TodoItem title="Final Todo">
          <li class="view">
            <input
              class="toggle"
              type="checkbox"
            >
            <label>
              Final Todo
            </label>
            <button class="destroy"></button>
          </li>
        </TodoItem>
      </ul>
    </section>
    <footer class="footer">
      <span class="todo-count">
        2
         items left
      </span>
      <div class="filters">
        <button
          class="selected"
          value="todos"
        >
          All
        </button>
        <button
          class=""
          value="active"
        >
          Active
        </button>
        <button
          class=""
          value="completed"
        >
          Completed
        </button>
      </div>
      <button class="clear-completed">
        Clear completed
      </button>
    </footer>
  </div>
</App>
`;

exports[`08. Filter completed 1`] = `
<App>
  <div
    className="todoapp"
  >
    <header
      className="header"
    >
      <h1>
        todos
      </h1>
      <input
        autoFocus={true}
        className="new-todo"
        onKeyUp={[Function]}
        placeholder="What needs to be done?"
      />
    </header>
    <section
      className="main"
    >
      <input
        checked={false}
        className="toggle-all"
        onChange={[Function]}
        type="checkbox"
      />
      <label
        htmlFor="toggle-all"
      >
        Mark all as complete
      </label>
      <ul
        className="todo-list"
      >
        <TodoItem
          completed={true}
          id={0}
          title="Other Todo"
        >
          <li
            className="view completed"
          >
            <input
              checked={true}
              className="toggle"
              onChange={[Function]}
              type="checkbox"
            />
            <label>
              Other Todo
            </label>
            <button
              className="destroy"
              onClick={[Function]}
            />
          </li>
        </TodoItem>
      </ul>
    </section>
    <footer
      className="footer"
    >
      <span
        className="todo-count"
      >
        2
         items left
      </span>
      <div
        className="filters"
      >
        <button
          className=""
          onClick={[Function]}
          value="todos"
        >
          All
        </button>
        <button
          className=""
          onClick={[Function]}
          value="active"
        >
          Active
        </button>
        <button
          className="selected"
          onClick={[Function]}
          value="completed"
        >
          Completed
        </button>
      </div>
      <button
        className="clear-completed"
        onClick={[Function]}
      >
        Clear completed
      </button>
    </footer>
  </div>
</App>
------------HTML PREVIEW---------------
<App>
  <div class="todoapp">
    <header class="header">
      <h1>
        todos
      </h1>
      <input
        autoFocus
        class="new-todo"
        placeholder="What needs to be done?"
      >
    </header>
    <section class="main">
      <input
        class="toggle-all"
        type="checkbox"
      >
      <label for="toggle-all">
        Mark all as complete
      </label>
      <ul class="todo-list">
        <TodoItem
          completed
          title="Other Todo"
        >
          <li class="view completed">
            <input
              checked
              class="toggle"
              type="checkbox"
            >
            <label>
              Other Todo
            </label>
            <button class="destroy"></button>
          </li>
        </TodoItem>
      </ul>
    </section>
    <footer class="footer">
      <span class="todo-count">
        2
         items left
      </span>
      <div class="filters">
        <button
          class=""
          value="todos"
        >
          All
        </button>
        <button
          class=""
          value="active"
        >
          Active
        </button>
        <button
          class="selected"
          value="completed"
        >
          Completed
        </button>
      </div>
      <button class="clear-completed">
        Clear completed
      </button>
    </footer>
  </div>
</App>
`;

exports[`09. Filter active 1`] = `
<App>
  <div
    className="todoapp"
  >
    <header
      className="header"
    >
      <h1>
        todos
      </h1>
      <input
        autoFocus={true}
        className="new-todo"
        onKeyUp={[Function]}
        placeholder="What needs to be done?"
      />
    </header>
    <section
      className="main"
    >
      <input
        checked={false}
        className="toggle-all"
        onChange={[Function]}
        type="checkbox"
      />
      <label
        htmlFor="toggle-all"
      >
        Mark all as complete
      </label>
      <ul
        className="todo-list"
      >
        <TodoItem
          completed={false}
          id={0}
          title="Test Todo"
        >
          <li
            className="view"
          >
            <input
              checked={false}
              className="toggle"
              onChange={[Function]}
              type="checkbox"
            />
            <label>
              Test Todo
            </label>
            <button
              className="destroy"
              onClick={[Function]}
            />
          </li>
        </TodoItem>
        <TodoItem
          id={1}
          title="Final Todo"
        >
          <li
            className="view"
          >
            <input
              checked={false}
              className="toggle"
              onChange={[Function]}
              type="checkbox"
            />
            <label>
              Final Todo
            </label>
            <button
              className="destroy"
              onClick={[Function]}
            />
          </li>
        </TodoItem>
      </ul>
    </section>
    <footer
      className="footer"
    >
      <span
        className="todo-count"
      >
        2
         items left
      </span>
      <div
        className="filters"
      >
        <button
          className=""
          onClick={[Function]}
          value="todos"
        >
          All
        </button>
        <button
          className="selected"
          onClick={[Function]}
          value="active"
        >
          Active
        </button>
        <button
          className=""
          onClick={[Function]}
          value="completed"
        >
          Completed
        </button>
      </div>
      <button
        className="clear-completed"
        onClick={[Function]}
      >
        Clear completed
      </button>
    </footer>
  </div>
</App>
------------HTML PREVIEW---------------
<App>
  <div class="todoapp">
    <header class="header">
      <h1>
        todos
      </h1>
      <input
        autoFocus
        class="new-todo"
        placeholder="What needs to be done?"
      >
    </header>
    <section class="main">
      <input
        class="toggle-all"
        type="checkbox"
      >
      <label for="toggle-all">
        Mark all as complete
      </label>
      <ul class="todo-list">
        <TodoItem title="Test Todo">
          <li class="view">
            <input
              class="toggle"
              type="checkbox"
            >
            <label>
              Test Todo
            </label>
            <button class="destroy"></button>
          </li>
        </TodoItem>
        <TodoItem title="Final Todo">
          <li class="view">
            <input
              class="toggle"
              type="checkbox"
            >
            <label>
              Final Todo
            </label>
            <button class="destroy"></button>
          </li>
        </TodoItem>
      </ul>
    </section>
    <footer class="footer">
      <span class="todo-count">
        2
         items left
      </span>
      <div class="filters">
        <button
          class=""
          value="todos"
        >
          All
        </button>
        <button
          class="selected"
          value="active"
        >
          Active
        </button>
        <button
          class=""
          value="completed"
        >
          Completed
        </button>
      </div>
      <button class="clear-completed">
        Clear completed
      </button>
    </footer>
  </div>
</App>
`;

exports[`10. Filter all 1`] = `
<App>
  <div
    className="todoapp"
  >
    <header
      className="header"
    >
      <h1>
        todos
      </h1>
      <input
        autoFocus={true}
        className="new-todo"
        onKeyUp={[Function]}
        placeholder="What needs to be done?"
      />
    </header>
    <section
      className="main"
    >
      <input
        checked={false}
        className="toggle-all"
        onChange={[Function]}
        type="checkbox"
      />
      <label
        htmlFor="toggle-all"
      >
        Mark all as complete
      </label>
      <ul
        className="todo-list"
      >
        <TodoItem
          completed={false}
          id={0}
          title="Test Todo"
        >
          <li
            className="view"
          >
            <input
              checked={false}
              className="toggle"
              onChange={[Function]}
              type="checkbox"
            />
            <label>
              Test Todo
            </label>
            <button
              className="destroy"
              onClick={[Function]}
            />
          </li>
        </TodoItem>
        <TodoItem
          completed={true}
          id={1}
          title="Other Todo"
        >
          <li
            className="view completed"
          >
            <input
              checked={true}
              className="toggle"
              onChange={[Function]}
              type="checkbox"
            />
            <label>
              Other Todo
            </label>
            <button
              className="destroy"
              onClick={[Function]}
            />
          </li>
        </TodoItem>
        <TodoItem
          id={2}
          title="Final Todo"
        >
          <li
            className="view"
          >
            <input
              checked={false}
              className="toggle"
              onChange={[Function]}
              type="checkbox"
            />
            <label>
              Final Todo
            </label>
            <button
              className="destroy"
              onClick={[Function]}
            />
          </li>
        </TodoItem>
      </ul>
    </section>
    <footer
      className="footer"
    >
      <span
        className="todo-count"
      >
        2
         items left
      </span>
      <div
        className="filters"
      >
        <button
          className="selected"
          onClick={[Function]}
          value="todos"
        >
          All
        </button>
        <button
          className=""
          onClick={[Function]}
          value="active"
        >
          Active
        </button>
        <button
          className=""
          onClick={[Function]}
          value="completed"
        >
          Completed
        </button>
      </div>
      <button
        className="clear-completed"
        onClick={[Function]}
      >
        Clear completed
      </button>
    </footer>
  </div>
</App>
------------HTML PREVIEW---------------
<App>
  <div class="todoapp">
    <header class="header">
      <h1>
        todos
      </h1>
      <input
        autoFocus
        class="new-todo"
        placeholder="What needs to be done?"
      >
    </header>
    <section class="main">
      <input
        class="toggle-all"
        type="checkbox"
      >
      <label for="toggle-all">
        Mark all as complete
      </label>
      <ul class="todo-list">
        <TodoItem title="Test Todo">
          <li class="view">
            <input
              class="toggle"
              type="checkbox"
            >
            <label>
              Test Todo
            </label>
            <button class="destroy"></button>
          </li>
        </TodoItem>
        <TodoItem
          completed
          title="Other Todo"
        >
          <li class="view completed">
            <input
              checked
              class="toggle"
              type="checkbox"
            >
            <label>
              Other Todo
            </label>
            <button class="destroy"></button>
          </li>
        </TodoItem>
        <TodoItem title="Final Todo">
          <li class="view">
            <input
              class="toggle"
              type="checkbox"
            >
            <label>
              Final Todo
            </label>
            <button class="destroy"></button>
          </li>
        </TodoItem>
      </ul>
    </section>
    <footer class="footer">
      <span class="todo-count">
        2
         items left
      </span>
      <div class="filters">
        <button
          class="selected"
          value="todos"
        >
          All
        </button>
        <button
          class=""
          value="active"
        >
          Active
        </button>
        <button
          class=""
          value="completed"
        >
          Completed
        </button>
      </div>
      <button class="clear-completed">
        Clear completed
      </button>
    </footer>
  </div>
</App>
`;

exports[`11. Clear completed 1`] = `
<App>
  <div
    className="todoapp"
  >
    <header
      className="header"
    >
      <h1>
        todos
      </h1>
      <input
        autoFocus={true}
        className="new-todo"
        onKeyUp={[Function]}
        placeholder="What needs to be done?"
      />
    </header>
    <section
      className="main"
    >
      <input
        checked={false}
        className="toggle-all"
        onChange={[Function]}
        type="checkbox"
      />
      <label
        htmlFor="toggle-all"
      >
        Mark all as complete
      </label>
      <ul
        className="todo-list"
      >
        <TodoItem
          completed={false}
          id={0}
          title="Test Todo"
        >
          <li
            className="view"
          >
            <input
              checked={false}
              className="toggle"
              onChange={[Function]}
              type="checkbox"
            />
            <label>
              Test Todo
            </label>
            <button
              className="destroy"
              onClick={[Function]}
            />
          </li>
        </TodoItem>
        <TodoItem
          id={1}
          title="Final Todo"
        >
          <li
            className="view"
          >
            <input
              checked={false}
              className="toggle"
              onChange={[Function]}
              type="checkbox"
            />
            <label>
              Final Todo
            </label>
            <button
              className="destroy"
              onClick={[Function]}
            />
          </li>
        </TodoItem>
      </ul>
    </section>
    <footer
      className="footer"
    >
      <span
        className="todo-count"
      >
        2
         items left
      </span>
      <div
        className="filters"
      >
        <button
          className="selected"
          onClick={[Function]}
          value="todos"
        >
          All
        </button>
        <button
          className=""
          onClick={[Function]}
          value="active"
        >
          Active
        </button>
        <button
          className=""
          onClick={[Function]}
          value="completed"
        >
          Completed
        </button>
      </div>
    </footer>
  </div>
</App>
------------HTML PREVIEW---------------
<App>
  <div class="todoapp">
    <header class="header">
      <h1>
        todos
      </h1>
      <input
        autoFocus
        class="new-todo"
        placeholder="What needs to be done?"
      >
    </header>
    <section class="main">
      <input
        class="toggle-all"
        type="checkbox"
      >
      <label for="toggle-all">
        Mark all as complete
      </label>
      <ul class="todo-list">
        <TodoItem title="Test Todo">
          <li class="view">
            <input
              class="toggle"
              type="checkbox"
            >
            <label>
              Test Todo
            </label>
            <button class="destroy"></button>
          </li>
        </TodoItem>
        <TodoItem title="Final Todo">
          <li class="view">
            <input
              class="toggle"
              type="checkbox"
            >
            <label>
              Final Todo
            </label>
            <button class="destroy"></button>
          </li>
        </TodoItem>
      </ul>
    </section>
    <footer class="footer">
      <span class="todo-count">
        2
         items left
      </span>
      <div class="filters">
        <button
          class="selected"
          value="todos"
        >
          All
        </button>
        <button
          class=""
          value="active"
        >
          Active
        </button>
        <button
          class=""
          value="completed"
        >
          Completed
        </button>
      </div>
    </footer>
  </div>
</App>
`;

exports[`12. Toggle all to completed 1`] = `
<App>
  <div
    className="todoapp"
  >
    <header
      className="header"
    >
      <h1>
        todos
      </h1>
      <input
        autoFocus={true}
        className="new-todo"
        onKeyUp={[Function]}
        placeholder="What needs to be done?"
      />
    </header>
    <section
      className="main"
    >
      <input
        checked={true}
        className="toggle-all"
        onChange={[Function]}
        type="checkbox"
      />
      <label
        htmlFor="toggle-all"
      >
        Mark all as complete
      </label>
      <ul
        className="todo-list"
      >
        <TodoItem
          completed={true}
          id={0}
          title="Test Todo"
        >
          <li
            className="view completed"
          >
            <input
              checked={true}
              className="toggle"
              onChange={[Function]}
              type="checkbox"
            />
            <label>
              Test Todo
            </label>
            <button
              className="destroy"
              onClick={[Function]}
            />
          </li>
        </TodoItem>
        <TodoItem
          completed={true}
          id={1}
          title="Final Todo"
        >
          <li
            className="view completed"
          >
            <input
              checked={true}
              className="toggle"
              onChange={[Function]}
              type="checkbox"
            />
            <label>
              Final Todo
            </label>
            <button
              className="destroy"
              onClick={[Function]}
            />
          </li>
        </TodoItem>
      </ul>
    </section>
    <footer
      className="footer"
    >
      <span
        className="todo-count"
      >
        0
         items left
      </span>
      <div
        className="filters"
      >
        <button
          className="selected"
          onClick={[Function]}
          value="todos"
        >
          All
        </button>
        <button
          className=""
          onClick={[Function]}
          value="active"
        >
          Active
        </button>
        <button
          className=""
          onClick={[Function]}
          value="completed"
        >
          Completed
        </button>
      </div>
      <button
        className="clear-completed"
        onClick={[Function]}
      >
        Clear completed
      </button>
    </footer>
  </div>
</App>
------------HTML PREVIEW---------------
<App>
  <div class="todoapp">
    <header class="header">
      <h1>
        todos
      </h1>
      <input
        autoFocus
        class="new-todo"
        placeholder="What needs to be done?"
      >
    </header>
    <section class="main">
      <input
        checked
        class="toggle-all"
        type="checkbox"
      >
      <label for="toggle-all">
        Mark all as complete
      </label>
      <ul class="todo-list">
        <TodoItem
          completed
          title="Test Todo"
        >
          <li class="view completed">
            <input
              checked
              class="toggle"
              type="checkbox"
            >
            <label>
              Test Todo
            </label>
            <button class="destroy"></button>
          </li>
        </TodoItem>
        <TodoItem
          completed
          title="Final Todo"
        >
          <li class="view completed">
            <input
              checked
              class="toggle"
              type="checkbox"
            >
            <label>
              Final Todo
            </label>
            <button class="destroy"></button>
          </li>
        </TodoItem>
      </ul>
    </section>
    <footer class="footer">
      <span class="todo-count">
        0
         items left
      </span>
      <div class="filters">
        <button
          class="selected"
          value="todos"
        >
          All
        </button>
        <button
          class=""
          value="active"
        >
          Active
        </button>
        <button
          class=""
          value="completed"
        >
          Completed
        </button>
      </div>
      <button class="clear-completed">
        Clear completed
      </button>
    </footer>
  </div>
</App>
`;

exports[`13. Toggle all to active 1`] = `
<App>
  <div
    className="todoapp"
  >
    <header
      className="header"
    >
      <h1>
        todos
      </h1>
      <input
        autoFocus={true}
        className="new-todo"
        onKeyUp={[Function]}
        placeholder="What needs to be done?"
      />
    </header>
    <section
      className="main"
    >
      <input
        checked={false}
        className="toggle-all"
        onChange={[Function]}
        type="checkbox"
      />
      <label
        htmlFor="toggle-all"
      >
        Mark all as complete
      </label>
      <ul
        className="todo-list"
      >
        <TodoItem
          completed={false}
          id={0}
          title="Test Todo"
        >
          <li
            className="view"
          >
            <input
              checked={false}
              className="toggle"
              onChange={[Function]}
              type="checkbox"
            />
            <label>
              Test Todo
            </label>
            <button
              className="destroy"
              onClick={[Function]}
            />
          </li>
        </TodoItem>
        <TodoItem
          completed={false}
          id={1}
          title="Final Todo"
        >
          <li
            className="view"
          >
            <input
              checked={false}
              className="toggle"
              onChange={[Function]}
              type="checkbox"
            />
            <label>
              Final Todo
            </label>
            <button
              className="destroy"
              onClick={[Function]}
            />
          </li>
        </TodoItem>
      </ul>
    </section>
    <footer
      className="footer"
    >
      <span
        className="todo-count"
      >
        2
         items left
      </span>
      <div
        className="filters"
      >
        <button
          className="selected"
          onClick={[Function]}
          value="todos"
        >
          All
        </button>
        <button
          className=""
          onClick={[Function]}
          value="active"
        >
          Active
        </button>
        <button
          className=""
          onClick={[Function]}
          value="completed"
        >
          Completed
        </button>
      </div>
    </footer>
  </div>
</App>
------------HTML PREVIEW---------------
<App>
  <div class="todoapp">
    <header class="header">
      <h1>
        todos
      </h1>
      <input
        autoFocus
        class="new-todo"
        placeholder="What needs to be done?"
      >
    </header>
    <section class="main">
      <input
        class="toggle-all"
        type="checkbox"
      >
      <label for="toggle-all">
        Mark all as complete
      </label>
      <ul class="todo-list">
        <TodoItem title="Test Todo">
          <li class="view">
            <input
              class="toggle"
              type="checkbox"
            >
            <label>
              Test Todo
            </label>
            <button class="destroy"></button>
          </li>
        </TodoItem>
        <TodoItem title="Final Todo">
          <li class="view">
            <input
              class="toggle"
              type="checkbox"
            >
            <label>
              Final Todo
            </label>
            <button class="destroy"></button>
          </li>
        </TodoItem>
      </ul>
    </section>
    <footer class="footer">
      <span class="todo-count">
        2
         items left
      </span>
      <div class="filters">
        <button
          class="selected"
          value="todos"
        >
          All
        </button>
        <button
          class=""
          value="active"
        >
          Active
        </button>
        <button
          class=""
          value="completed"
        >
          Completed
        </button>
      </div>
    </footer>
  </div>
</App>
`;

exports[`14. Delete Test Todo 1`] = `
<App>
  <div
    className="todoapp"
  >
    <header
      className="header"
    >
      <h1>
        todos
      </h1>
      <input
        autoFocus={true}
        className="new-todo"
        onKeyUp={[Function]}
        placeholder="What needs to be done?"
      />
    </header>
    <section
      className="main"
    >
      <input
        checked={false}
        className="toggle-all"
        onChange={[Function]}
        type="checkbox"
      />
      <label
        htmlFor="toggle-all"
      >
        Mark all as complete
      </label>
      <ul
        className="todo-list"
      >
        <TodoItem
          completed={false}
          id={0}
          title="Final Todo"
        >
          <li
            className="view"
          >
            <input
              checked={false}
              className="toggle"
              onChange={[Function]}
              type="checkbox"
            />
            <label>
              Final Todo
            </label>
            <button
              className="destroy"
              onClick={[Function]}
            />
          </li>
        </TodoItem>
      </ul>
    </section>
    <footer
      className="footer"
    >
      <span
        className="todo-count"
      >
        1
         items left
      </span>
      <div
        className="filters"
      >
        <button
          className="selected"
          onClick={[Function]}
          value="todos"
        >
          All
        </button>
        <button
          className=""
          onClick={[Function]}
          value="active"
        >
          Active
        </button>
        <button
          className=""
          onClick={[Function]}
          value="completed"
        >
          Completed
        </button>
      </div>
    </footer>
  </div>
</App>
------------HTML PREVIEW---------------
<App>
  <div class="todoapp">
    <header class="header">
      <h1>
        todos
      </h1>
      <input
        autoFocus
        class="new-todo"
        placeholder="What needs to be done?"
      >
    </header>
    <section class="main">
      <input
        class="toggle-all"
        type="checkbox"
      >
      <label for="toggle-all">
        Mark all as complete
      </label>
      <ul class="todo-list">
        <TodoItem title="Final Todo">
          <li class="view">
            <input
              class="toggle"
              type="checkbox"
            >
            <label>
              Final Todo
            </label>
            <button class="destroy"></button>
          </li>
        </TodoItem>
      </ul>
    </section>
    <footer class="footer">
      <span class="todo-count">
        1
         items left
      </span>
      <div class="filters">
        <button
          class="selected"
          value="todos"
        >
          All
        </button>
        <button
          class=""
          value="active"
        >
          Active
        </button>
        <button
          class=""
          value="completed"
        >
          Completed
        </button>
      </div>
    </footer>
  </div>
</App>
`;
